// Jest Snapshot v1, https://goo.gl/fbAQLP

exports[`OpenMapComponents render 1`] = `
<div
  className="OpenMapComponent"
>
  <div
    className="OpenMapComponent__card-block"
  >
    <div
      className="ant-card OpenMapComponent__card-style css-dev-only-do-not-override-mxhywb"
    >
      <div
        className="ant-card-body"
        style={{}}
      >
        <div
          className="OpenMapComponent__header-title"
        >
          <a
            href="/profile-technique/undefined/undefined"
            onClick={[Function]}
          >
            <img
              alt="arrow"
              className="OpenMapComponent__arrow-left"
              src={
                {
                  "process": [Function],
                }
              }
            />
          </a>
          <h3
            className="ant-typography OpenMapComponent__title css-dev-only-do-not-override-mxhywb"
            style={
              {
                "WebkitLineClamp": undefined,
              }
            }
          >
            <img
              alt="locale"
              className="OpenMapComponent__img-title"
              src={
                {
                  "process": [Function],
                }
              }
            />
            <p
              className="OpenMapComponent__subtitle"
            >
               
              42.857614
              -
              74.599974
            </p>
          </h3>
          <h3
            className="ant-typography OpenMapComponent__title css-dev-only-do-not-override-mxhywb"
            style={
              {
                "WebkitLineClamp": undefined,
              }
            }
          >
            <img
              alt="tractor"
              className="OpenMapComponent__img-title img-tractor"
              src={
                {
                  "process": [Function],
                }
              }
            />
            <p
              className="OpenMapComponent__subtitle"
            >
              tech-58
               
              t
              .
               
              t
              .
            </p>
          </h3>
          <button
            className="ant-btn css-dev-only-do-not-override-mxhywb ant-btn-default OpenMapComponent__render_btn"
            disabled={false}
            onClick={[Function]}
            type="button"
          >
            <span>
              Обновить данные
            </span>
          </button>
        </div>
      </div>
    </div>
  </div>
  <div
    className="OpenMapComponent__map-block"
  />
</div>
`;
