// Jest Snapshot v1, https://goo.gl/fbAQLP

exports[`<Technique /> Users table component should be in the document 1`] = `
<div
  className="Technique"
  data-testid="technique-id"
>
  <div
    className="Technique__card-block"
  >
    <div
      className="ant-card Technique__card-style css-dev-only-do-not-override-12upa3x"
    >
      <div
        className="ant-card-body"
        style={{}}
      >
        <div
          className="Technique__card-style-blocks"
        >
          <div>
            <h1
              className="ant-typography Technique__card-title css-dev-only-do-not-override-12upa3x"
              style={
                {
                  "WebkitLineClamp": undefined,
                }
              }
            >
              Количество техники
            </h1>
            <div
              className="Technique__card-content"
            >
              <img
                alt="group"
                src={
                  {
                    "process": [Function],
                  }
                }
              />
              <p />
            </div>
          </div>
          <div>
            <div
              className="ant-card Technique__card-style-cloud css-dev-only-do-not-override-12upa3x"
              style={
                {
                  "width": 300,
                }
              }
            >
              <div
                className="ant-card-body"
                style={{}}
              >
                <div
                  className="Technique__card-style-cloud-blocks"
                >
                  <div>
                    <img
                      alt="cloudy"
                      src={
                        {
                          "process": [Function],
                        }
                      }
                    />
                  </div>
                  <div>
                    <h1
                      className="ant-typography Technique__card-title meteo-h1 css-dev-only-do-not-override-12upa3x"
                      style={
                        {
                          "WebkitLineClamp": undefined,
                        }
                      }
                    >
                      Подключите метеосервис
                    </h1>
                    <p
                      className="meteo-h1"
                    >
                      Все про погоду и почву
                    </p>
                    <button
                      className="ant-btn css-dev-only-do-not-override-12upa3x ant-btn-default Technique__card-style-cloud-button"
                      disabled={false}
                      onClick={[Function]}
                      style={{}}
                      type="button"
                    >
                      <span>
                        Отправить запрос
                      </span>
                    </button>
                  </div>
                </div>
              </div>
            </div>
          </div>
        </div>
      </div>
    </div>
  </div>
  <div
    className="Technique__table"
  >
    <div
      className="Technique__title"
    >
      <h3
        className="ant-typography Technique__title css-dev-only-do-not-override-12upa3x"
        data-testid="sign_in_test"
        style={
          {
            "WebkitLineClamp": undefined,
          }
        }
      >
        Техника
      </h3>
      <div>
        <button
          className="ant-btn css-dev-only-do-not-override-12upa3x ant-btn-primary"
          disabled={false}
          onClick={[Function]}
          style={
            {
              "marginRight": 15,
            }
          }
          type="button"
        >
          <span>
            Запрос на добавление техники
          </span>
        </button>
        <a
          href="/technique-map"
          onClick={[Function]}
        >
          <button
            className="ant-btn css-dev-only-do-not-override-12upa3x ant-btn-default Technique__view-button"
            disabled={false}
            onClick={[Function]}
            style={{}}
            type="button"
          >
            <span>
              Посмотреть всю технику
            </span>
          </button>
        </a>
      </div>
    </div>
    <div
      className="ant-table-wrapper css-dev-only-do-not-override-12upa3x"
    >
      <div
        className="ant-spin-nested-loading css-dev-only-do-not-override-12upa3x"
      >
        <div
          className="ant-spin-container"
        >
          <div
            className="ant-table ant-table-scroll-horizontal"
          >
            <div
              className="ant-table-container"
            >
              <div
                className="ant-table-content"
                onScroll={[Function]}
                style={
                  {
                    "overflowX": "auto",
                    "overflowY": "hidden",
                  }
                }
              >
                <table
                  style={
                    {
                      "minWidth": "100%",
                      "tableLayout": "auto",
                      "width": 950,
                    }
                  }
                >
                  <colgroup>
                    <col
                      style={
                        {
                          "width": "20%",
                        }
                      }
                    />
                    <col
                      style={
                        {
                          "width": "30%",
                        }
                      }
                    />
                    <col
                      style={
                        {
                          "width": "20%",
                        }
                      }
                    />
                    <col
                      style={
                        {
                          "width": "28%",
                        }
                      }
                    />
                  </colgroup>
                  <thead
                    className="ant-table-thead"
                  >
                    <tr>
                      <th
                        className="ant-table-cell"
                        colSpan={null}
                        onMouseEnter={[Function]}
                        onMouseLeave={[Function]}
                        rowSpan={null}
                        scope="col"
                        style={{}}
                      >
                        Код техники
                      </th>
                      <th
                        className="ant-table-cell"
                        colSpan={null}
                        onMouseEnter={[Function]}
                        onMouseLeave={[Function]}
                        rowSpan={null}
                        scope="col"
                        style={{}}
                      >
                        Название
                      </th>
                      <th
                        className="ant-table-cell"
                        colSpan={null}
                        onMouseEnter={[Function]}
                        onMouseLeave={[Function]}
                        rowSpan={null}
                        scope="col"
                        style={{}}
                      >
                        Задача на обработку
                      </th>
                      <th
                        className="ant-table-cell"
                        colSpan={null}
                        onMouseEnter={[Function]}
                        onMouseLeave={[Function]}
                        rowSpan={null}
                        scope="col"
                        style={{}}
                      >
                        Общая Площадь
                      </th>
                    </tr>
                  </thead>
                  <tbody
                    className="ant-table-tbody"
                  >
                    <tr
                      aria-hidden="true"
                      className="ant-table-measure-row"
                      style={
                        {
                          "fontSize": 0,
                          "height": 0,
                        }
                      }
                    >
                      <td
                        style={
                          {
                            "border": 0,
                            "height": 0,
                            "padding": 0,
                          }
                        }
                      >
                        <div
                          style={
                            {
                              "height": 0,
                              "overflow": "hidden",
                            }
                          }
                        >
                           
                        </div>
                      </td>
                      <td
                        style={
                          {
                            "border": 0,
                            "height": 0,
                            "padding": 0,
                          }
                        }
                      >
                        <div
                          style={
                            {
                              "height": 0,
                              "overflow": "hidden",
                            }
                          }
                        >
                           
                        </div>
                      </td>
                      <td
                        style={
                          {
                            "border": 0,
                            "height": 0,
                            "padding": 0,
                          }
                        }
                      >
                        <div
                          style={
                            {
                              "height": 0,
                              "overflow": "hidden",
                            }
                          }
                        >
                           
                        </div>
                      </td>
                      <td
                        style={
                          {
                            "border": 0,
                            "height": 0,
                            "padding": 0,
                          }
                        }
                      >
                        <div
                          style={
                            {
                              "height": 0,
                              "overflow": "hidden",
                            }
                          }
                        >
                           
                        </div>
                      </td>
                    </tr>
                    <tr
                      className="ant-table-row ant-table-row-level-0"
                      data-row-key={94}
                      onClick={[Function]}
                      style={{}}
                    >
                      <td
                        className="ant-table-cell"
                        colSpan={null}
                        onMouseEnter={[Function]}
                        onMouseLeave={[Function]}
                        rowSpan={null}
                        style={{}}
                      >
                        <div
                          style={
                            {
                              "display": "flex",
                              "gap": 12,
                            }
                          }
                        >
                          <img
                            alt="tractor"
                            className="Technique__image-styles"
                            src="https://localhost:8000/media/files/inquiries/219/.jpeg"
                          />
                          <p
                            className="Technique__name-column-style"
                          >
                            P4L7SG518
                          </p>
                        </div>
                      </td>
                      <td
                        className="ant-table-cell"
                        colSpan={null}
                        onMouseEnter={[Function]}
                        onMouseLeave={[Function]}
                        rowSpan={null}
                        style={{}}
                      >
                        adasdasd213123
                      </td>
                      <td
                        className="ant-table-cell"
                        colSpan={null}
                        onMouseEnter={[Function]}
                        onMouseLeave={[Function]}
                        rowSpan={null}
                        style={{}}
                      >
                        <p
                          className="Technique__name-column-style"
                        >
                          0
                        </p>
                      </td>
                      <td
                        className="ant-table-cell"
                        colSpan={null}
                        onMouseEnter={[Function]}
                        onMouseLeave={[Function]}
                        rowSpan={null}
                        style={{}}
                      >
                        <div
                          style={
                            {
                              "alignItems": "center",
                              "display": "flex",
                              "justifyContent": "right",
                            }
                          }
                        >
                          <p
                            className="Technique__name-column-style-text"
                          >
                            0
                          </p>
                          <a
                            href="/profile-technique/undefined/94"
                            onClick={[Function]}
                            onMouseEnter={[Function]}
                            onMouseLeave={[Function]}
                          >
                            <button
                              className="ant-btn css-dev-only-do-not-override-12upa3x ant-btn-text"
                              disabled={false}
                              onClick={[Function]}
                              style={{}}
                              type="button"
                            >
                              <span
                                aria-label="eye"
                                className="anticon anticon-eye"
                                role="img"
                                style={
                                  {
                                    "color": "#1358bf",
                                    "fontSize": "27px",
                                  }
                                }
                              >
                                <svg
                                  aria-hidden="true"
                                  data-icon="eye"
                                  fill="currentColor"
                                  focusable="false"
                                  height="1em"
                                  viewBox="64 64 896 896"
                                  width="1em"
                                >
                                  <path
                                    d="M942.2 486.2C847.4 286.5 704.1 186 512 186c-192.2 0-335.4 100.5-430.2 300.3a60.3 60.3 0 000 51.5C176.6 737.5 319.9 838 512 838c192.2 0 335.4-100.5 430.2-300.3 7.7-16.2 7.7-35 0-51.5zM512 766c-161.3 0-279.4-81.8-362.7-254C232.6 339.8 350.7 258 512 258c161.3 0 279.4 81.8 362.7 254C791.5 684.2 673.4 766 512 766zm-4-430c-97.2 0-176 78.8-176 176s78.8 176 176 176 176-78.8 176-176-78.8-176-176-176zm0 288c-61.9 0-112-50.1-112-112s50.1-112 112-112 112 50.1 112 112-50.1 112-112 112z"
                                  />
                                </svg>
                              </span>
                            </button>
                          </a>
                          <a
                            href="/open-map/94/local-tractor/"
                            onClick={[Function]}
                            onMouseEnter={[Function]}
                            onMouseLeave={[Function]}
                          >
                            <button
                              className="ant-btn css-dev-only-do-not-override-12upa3x ant-btn-text"
                              disabled={false}
                              onClick={[Function]}
                              style={
                                {
                                  "alignItems": "center",
                                  "display": "flex",
                                }
                              }
                              type="button"
                            >
                              <img
                                alt="tractorBlue"
                                src={
                                  {
                                    "process": [Function],
                                  }
                                }
                                style={
                                  {
                                    "width": 27,
                                  }
                                }
                              />
                            </button>
                          </a>
                        </div>
                      </td>
                    </tr>
                  </tbody>
                </table>
              </div>
            </div>
          </div>
        </div>
      </div>
    </div>
    <div
      className="pagination"
    >
      <div
        className="pagination__pagination_show"
      >
        <div
          className="glav_pagination"
        >
          <div
            className="next_table"
          >
            <button
              className="ant-btn css-dev-only-do-not-override-12upa3x ant-btn-default ant-btn-icon-only pagination_buttons pagination_buttons-prev"
              disabled={true}
              onClick={[Function]}
              style={{}}
              type="button"
            >
              <span
                className="ant-btn-icon"
                style={{}}
              >
                <img
                  alt="backIcons"
                  src={
                    {
                      "process": [Function],
                    }
                  }
                />
              </span>
            </button>
            <button
              className="ant-btn css-dev-only-do-not-override-12upa3x ant-btn-default ant-btn-icon-only pagination_buttons pagination_buttons-next"
              disabled={true}
              onClick={[Function]}
              role="button"
              style={{}}
              type="button"
            >
              <span
                className="ant-btn-icon"
                style={{}}
              >
                <img
                  alt="nextIcons"
                  src={
                    {
                      "process": [Function],
                    }
                  }
                />
              </span>
            </button>
          </div>
        </div>
      </div>
    </div>
  </div>
</div>
`;
