// Jest Snapshot v1, https://goo.gl/fbAQLP

exports[`SelectField Component should render with default value 1`] = `
<select
  defaultValue="Continental"
  options={
    [
      {
        "label": "Tropical",
        "value": "Tropical",
      },
      {
        "label": "Continental",
        "value": "Continental",
      },
    ]
  }
  style={
    {
      "width": "220px",
    }
  }
/>
`;
