// Jest Snapshot v1, https://goo.gl/fbAQLP

exports[`<ProfileTechnique /> Users table component should be in the document 1`] = `
<div
  className="ProfileTechnique"
  data-testid="profile-technique-id"
>
  <div
    className="ProfileTechnique__table"
  >
    <div
      className="ProfileTechnique__header"
    >
      <div
        className="ProfileTechnique__header-title"
      >
        <button
          className="ProfileTechnique__back_handler"
          onClick={[Function]}
          type="button"
        >
          <img
            alt="arrow"
            className="ProfileTechnique__arrow-left"
            src={
              {
                "process": [Function],
              }
            }
          />
        </button>
        <h3
          className="ant-typography ProfileTechnique__title css-dev-only-do-not-override-i0102m"
          style={
            {
              "WebkitLineClamp": undefined,
            }
          }
        >
          Профиль техники - 
           -
           
           
        </h3>
      </div>
      <div>
        <a
          href="/open-map/undefined/local-tractor/undefined"
          onClick={[Function]}
        >
          <button
            className="ant-btn css-dev-only-do-not-override-i0102m ant-btn-link ant-btn-lg ProfileTechnique__open-map"
            disabled={false}
            onClick={[Function]}
            style={{}}
            type="button"
          >
            <span
              className="ant-btn-icon"
              style={{}}
            >
              <img
                alt="Техника на карте"
                src={
                  {
                    "process": [Function],
                  }
                }
                width={18}
              />
            </span>
            <span>
              Техника на карте
            </span>
          </button>
        </a>
      </div>
    </div>
    <div
      className="ProfileTechnique__technique-profile-info"
    >
      <div
        className="ProfileTechnique__images_tractor"
      >
        <div
          className="ant-image css-dev-only-do-not-override-i0102m"
          style={
            {
              "height": undefined,
              "width": 242,
            }
          }
        >
          <img
            className="ant-image-img ProfileTechnique__technique-image css-dev-only-do-not-override-i0102m"
            onLoad={[Function]}
            src="https://localhost:8000test/photos"
            style={
              {
                "borderRadius": 4,
                "height": undefined,
              }
            }
            width={242}
          />
        </div>
        <button
          className="ant-btn css-dev-only-do-not-override-i0102m ant-btn-default"
          disabled={false}
          onClick={[Function]}
          style={{}}
          type="button"
        >
          <span>
            Техника на карте
          </span>
        </button>
      </div>
      <div
        className="ProfileTechnique__profile-info"
      >
        <form
          className="ant-form ant-form-vertical css-dev-only-do-not-override-i0102m"
          onReset={[Function]}
          onSubmit={[Function]}
          style={{}}
        >
          <h5
            className="ant-typography ProfileTechnique__profile-title css-dev-only-do-not-override-i0102m"
            style={
              {
                "WebkitLineClamp": undefined,
              }
            }
          >
            Информация о технике
          </h5>
          <div
            className="ProfileTechnique__form-block"
          >
            <div
              className="ant-form-item css-dev-only-do-not-override-i0102m"
            >
              <div
                className="ant-row ant-form-item-row css-dev-only-do-not-override-i0102m"
                style={
                  {
                    "rowGap": undefined,
                  }
                }
              >
                <div
                  className="ant-col ant-form-item-label css-dev-only-do-not-override-i0102m"
                  style={{}}
                >
                  <label
                    className=""
                    htmlFor="description"
                    title="Название техники"
                  >
                    Название техники
                  </label>
                </div>
                <div
                  className="ant-col ant-form-item-control css-dev-only-do-not-override-i0102m"
                  style={{}}
                >
                  <div
                    className="ant-form-item-control-input"
                  >
                    <div
                      className="ant-form-item-control-input-content"
                    >
                      <input
                        className="ant-input ant-input-borderless css-dev-only-do-not-override-i0102m input-styles undefined"
                        disabled={false}
                        id="description"
                        name="description"
                        onBlur={[Function]}
                        onChange={[Function]}
                        onFocus={[Function]}
                        onKeyDown={[Function]}
                        placeholder="Название техники"
                        readOnly={true}
                        style={{}}
                        type="text"
                        value=""
                      />
                    </div>
                  </div>
                </div>
              </div>
            </div>
            <div
              className="ant-form-item css-dev-only-do-not-override-i0102m"
            >
              <div
                className="ant-row ant-form-item-row css-dev-only-do-not-override-i0102m"
                style={
                  {
                    "rowGap": undefined,
                  }
                }
              >
                <div
                  className="ant-col ant-form-item-label css-dev-only-do-not-override-i0102m"
                  style={{}}
                >
                  <label
                    className=""
                    htmlFor="license_plate"
                    title="Гос номер"
                  >
                    Гос номер
                  </label>
                </div>
                <div
                  className="ant-col ant-form-item-control css-dev-only-do-not-override-i0102m"
                  style={{}}
                >
                  <div
                    className="ant-form-item-control-input"
                  >
                    <div
                      className="ant-form-item-control-input-content"
                    >
                      <input
                        className="ant-input ant-input-borderless css-dev-only-do-not-override-i0102m input-styles undefined"
                        disabled={false}
                        id="license_plate"
                        name="license_plate"
                        onBlur={[Function]}
                        onChange={[Function]}
                        onFocus={[Function]}
                        onKeyDown={[Function]}
                        placeholder="Гос номер"
                        readOnly={true}
                        style={{}}
                        type="text"
                        value=""
                      />
                    </div>
                  </div>
                </div>
              </div>
            </div>
            <div
              className="ant-form-item css-dev-only-do-not-override-i0102m"
            >
              <div
                className="ant-row ant-form-item-row css-dev-only-do-not-override-i0102m"
                style={
                  {
                    "rowGap": undefined,
                  }
                }
              >
                <div
                  className="ant-col ant-form-item-label css-dev-only-do-not-override-i0102m"
                  style={{}}
                >
                  <label
                    className=""
                    htmlFor="vin"
                    title="VIN код"
                  >
                    VIN код
                  </label>
                </div>
                <div
                  className="ant-col ant-form-item-control css-dev-only-do-not-override-i0102m"
                  style={{}}
                >
                  <div
                    className="ant-form-item-control-input"
                  >
                    <div
                      className="ant-form-item-control-input-content"
                    >
                      <input
                        className="ant-input ant-input-borderless css-dev-only-do-not-override-i0102m input-styles undefined"
                        disabled={false}
                        id="vin"
                        name="vin"
                        onBlur={[Function]}
                        onChange={[Function]}
                        onFocus={[Function]}
                        onKeyDown={[Function]}
                        placeholder="VIN код"
                        readOnly={true}
                        style={{}}
                        type="text"
                        value=""
                      />
                    </div>
                  </div>
                </div>
              </div>
            </div>
          </div>
          <h5
            className="ant-typography ProfileTechnique__profile-title css-dev-only-do-not-override-i0102m"
            style={
              {
                "WebkitLineClamp": undefined,
              }
            }
          >
            Информация о механизаторе
          </h5>
          <div
            className="ProfileTechnique__form-block"
          >
            <div
              className="ant-form-item css-dev-only-do-not-override-i0102m"
            >
              <div
                className="ant-row ant-form-item-row css-dev-only-do-not-override-i0102m"
                style={
                  {
                    "rowGap": undefined,
                  }
                }
              >
                <div
                  className="ant-col ant-form-item-label css-dev-only-do-not-override-i0102m"
                  style={{}}
                >
                  <label
                    className=""
                    htmlFor="operator_last_name"
                    title="Фамилия"
                  >
                    Фамилия
                  </label>
                </div>
                <div
                  className="ant-col ant-form-item-control css-dev-only-do-not-override-i0102m"
                  style={{}}
                >
                  <div
                    className="ant-form-item-control-input"
                  >
                    <div
                      className="ant-form-item-control-input-content"
                    >
                      <input
                        className="ant-input ant-input-borderless css-dev-only-do-not-override-i0102m input-styles undefined"
                        disabled={false}
                        id="operator_last_name"
                        name={
                          [
                            "operator",
                            "last_name",
                          ]
                        }
                        onBlur={[Function]}
                        onChange={[Function]}
                        onFocus={[Function]}
                        onKeyDown={[Function]}
                        placeholder="Фамилия"
                        readOnly={true}
                        style={{}}
                        type="text"
                        value="test"
                      />
                    </div>
                  </div>
                </div>
              </div>
            </div>
            <div
              className="ant-form-item css-dev-only-do-not-override-i0102m"
            >
              <div
                className="ant-row ant-form-item-row css-dev-only-do-not-override-i0102m"
                style={
                  {
                    "rowGap": undefined,
                  }
                }
              >
                <div
                  className="ant-col ant-form-item-label css-dev-only-do-not-override-i0102m"
                  style={{}}
                >
                  <label
                    className=""
                    htmlFor="operator_first_name"
                    title="Имя"
                  >
                    Имя
                  </label>
                </div>
                <div
                  className="ant-col ant-form-item-control css-dev-only-do-not-override-i0102m"
                  style={{}}
                >
                  <div
                    className="ant-form-item-control-input"
                  >
                    <div
                      className="ant-form-item-control-input-content"
                    >
                      <input
                        className="ant-input ant-input-borderless css-dev-only-do-not-override-i0102m input-styles undefined"
                        disabled={false}
                        id="operator_first_name"
                        name={
                          [
                            "operator",
                            "first_name",
                          ]
                        }
                        onBlur={[Function]}
                        onChange={[Function]}
                        onFocus={[Function]}
                        onKeyDown={[Function]}
                        placeholder="Имя"
                        readOnly={true}
                        style={{}}
                        type="text"
                        value="test"
                      />
                    </div>
                  </div>
                </div>
              </div>
            </div>
            <div
              className="ant-form-item css-dev-only-do-not-override-i0102m"
            >
              <div
                className="ant-row ant-form-item-row css-dev-only-do-not-override-i0102m"
                style={
                  {
                    "rowGap": undefined,
                  }
                }
              >
                <div
                  className="ant-col ant-form-item-label css-dev-only-do-not-override-i0102m"
                  style={{}}
                >
                  <label
                    className=""
                    htmlFor="operator_middle_name"
                    title="Отчество"
                  >
                    Отчество
                  </label>
                </div>
                <div
                  className="ant-col ant-form-item-control css-dev-only-do-not-override-i0102m"
                  style={{}}
                >
                  <div
                    className="ant-form-item-control-input"
                  >
                    <div
                      className="ant-form-item-control-input-content"
                    >
                      <input
                        className="ant-input ant-input-borderless css-dev-only-do-not-override-i0102m input-styles undefined"
                        disabled={false}
                        id="operator_middle_name"
                        name={
                          [
                            "operator",
                            "middle_name",
                          ]
                        }
                        onBlur={[Function]}
                        onChange={[Function]}
                        onFocus={[Function]}
                        onKeyDown={[Function]}
                        placeholder="Отчество"
                        readOnly={true}
                        style={{}}
                        type="text"
                        value="test"
                      />
                    </div>
                  </div>
                </div>
              </div>
            </div>
          </div>
        </form>
      </div>
    </div>
    <div
      className="ant-skeleton css-dev-only-do-not-override-i0102m"
      style={{}}
    >
      <div
        className="ant-skeleton-content"
      >
        <h3
          className="ant-skeleton-title"
          style={
            {
              "width": "38%",
            }
          }
        />
        <ul
          className="ant-skeleton-paragraph"
        >
          <li
            style={
              {
                "width": undefined,
              }
            }
          />
          <li
            style={
              {
                "width": undefined,
              }
            }
          />
          <li
            style={
              {
                "width": "61%",
              }
            }
          />
        </ul>
      </div>
    </div>
  </div>
</div>
`;
