// Jest Snapshot v1, https://goo.gl/fbAQLP

exports[`<UserTechnique /> Users table component should be in the document 1`] = `
<div
  className="UserTechnique"
  data-testid="user-technique-id"
>
  <div
    className="HeaderMobile"
  >
    <button
      onClick={[Function]}
      type="button"
    >
      <img
        alt="arrow"
        className="UserTechnique__arrow-left"
        src={
          {
            "process": [Function],
          }
        }
      />
    </button>
    <span>
      Техника пользователя
    </span>
  </div>
  <div
    className="UserTechnique__table"
  >
    <div
      className="UserTechnique__header"
    >
      <div
        className="UserTechnique__header-title"
      >
        <a
          href="/user-profile/undefined"
          onClick={[Function]}
        >
          <img
            alt="arrow"
            className="UserTechnique__arrow-left"
            src={
              {
                "process": [Function],
              }
            }
          />
        </a>
        <h3
          className="ant-typography UserTechnique__title css-dev-only-do-not-override-17a39f8"
          style={
            {
              "WebkitLineClamp": undefined,
            }
          }
        >
          Техника пользователя -
           
          <p
            className="UserTechnique__subtitle"
          >
             
            .
             
            undefined.
          </p>
        </h3>
      </div>
      <div
        className="UserTechnique__mobile_block"
      >
        <button
          className="ant-btn css-dev-only-do-not-override-17a39f8 ant-btn-default"
          disabled={false}
          onClick={[Function]}
          style={{}}
          type="button"
        >
          <div>
            <p>
              <img
                alt="tractorProfileIcon"
                src={
                  {
                    "process": [Function],
                  }
                }
              />
            </p>
            <p>
              Добавить технику
            </p>
          </div>
        </button>
        <button
          className="ant-btn css-dev-only-do-not-override-17a39f8 ant-btn-default"
          disabled={false}
          onClick={[Function]}
          style={{}}
          type="button"
        >
          <div>
            <p>
              <img
                alt="tractorProfileIcon"
                src={
                  {
                    "process": [Function],
                  }
                }
              />
            </p>
            <p>
              Посмотреть всю 
              <br />
               технику
            </p>
          </div>
        </button>
      </div>
      <div
        className="UserTechnique__btn_handler"
      >
        <button
          className="ant-btn css-dev-only-do-not-override-17a39f8 ant-btn-primary"
          disabled={false}
          onClick={[Function]}
          style={{}}
          type="button"
        >
          <span>
            Добавить технику
          </span>
        </button>
        <a
          href="/technique-map/undefined"
          onClick={[Function]}
        >
          <button
            className="ant-btn css-dev-only-do-not-override-17a39f8 ant-btn-default UserTechnique__view-button"
            disabled={false}
            onClick={[Function]}
            style={{}}
            type="button"
          >
            <span>
              Вся техника на карте
            </span>
          </button>
        </a>
      </div>
    </div>
    <div
      className="UserTechnique__table_list"
    >
      <div
        className="ant-table-wrapper css-dev-only-do-not-override-17a39f8"
        style={{}}
      >
        <div
          className="ant-spin-nested-loading css-dev-only-do-not-override-17a39f8"
        >
          <div
            className="ant-spin-container"
          >
            <div
              className="ant-table ant-table-scroll-horizontal"
            >
              <div
                className="ant-table-container"
              >
                <div
                  className="ant-table-content"
                  onScroll={[Function]}
                  style={
                    {
                      "overflowX": "auto",
                      "overflowY": "hidden",
                    }
                  }
                >
                  <table
                    style={
                      {
                        "minWidth": "100%",
                        "tableLayout": "auto",
                        "width": 950,
                      }
                    }
                  >
                    <colgroup>
                      <col
                        style={
                          {
                            "width": "20%",
                          }
                        }
                      />
                      <col
                        style={
                          {
                            "width": "20%",
                          }
                        }
                      />
                      <col
                        style={
                          {
                            "width": "20%",
                          }
                        }
                      />
                      <col
                        style={
                          {
                            "width": "45%",
                          }
                        }
                      />
                    </colgroup>
                    <thead
                      className="ant-table-thead"
                    >
                      <tr>
                        <th
                          className="ant-table-cell"
                          colSpan={null}
                          onMouseEnter={[Function]}
                          onMouseLeave={[Function]}
                          rowSpan={null}
                          scope="col"
                          style={{}}
                        >
                          Код техники
                        </th>
                        <th
                          className="ant-table-cell"
                          colSpan={null}
                          onMouseEnter={[Function]}
                          onMouseLeave={[Function]}
                          rowSpan={null}
                          scope="col"
                          style={{}}
                        >
                          Название
                        </th>
                        <th
                          className="ant-table-cell"
                          colSpan={null}
                          onMouseEnter={[Function]}
                          onMouseLeave={[Function]}
                          rowSpan={null}
                          scope="col"
                          style={{}}
                        >
                          Задача на обработку
                        </th>
                        <th
                          className="ant-table-cell"
                          colSpan={null}
                          onMouseEnter={[Function]}
                          onMouseLeave={[Function]}
                          rowSpan={null}
                          scope="col"
                          style={{}}
                        >
                          Общая Площадь
                        </th>
                      </tr>
                    </thead>
                    <tbody
                      className="ant-table-tbody"
                    >
                      <tr
                        aria-hidden="true"
                        className="ant-table-measure-row"
                        style={
                          {
                            "fontSize": 0,
                            "height": 0,
                          }
                        }
                      >
                        <td
                          style={
                            {
                              "border": 0,
                              "height": 0,
                              "padding": 0,
                            }
                          }
                        >
                          <div
                            style={
                              {
                                "height": 0,
                                "overflow": "hidden",
                              }
                            }
                          >
                             
                          </div>
                        </td>
                        <td
                          style={
                            {
                              "border": 0,
                              "height": 0,
                              "padding": 0,
                            }
                          }
                        >
                          <div
                            style={
                              {
                                "height": 0,
                                "overflow": "hidden",
                              }
                            }
                          >
                             
                          </div>
                        </td>
                        <td
                          style={
                            {
                              "border": 0,
                              "height": 0,
                              "padding": 0,
                            }
                          }
                        >
                          <div
                            style={
                              {
                                "height": 0,
                                "overflow": "hidden",
                              }
                            }
                          >
                             
                          </div>
                        </td>
                        <td
                          style={
                            {
                              "border": 0,
                              "height": 0,
                              "padding": 0,
                            }
                          }
                        >
                          <div
                            style={
                              {
                                "height": 0,
                                "overflow": "hidden",
                              }
                            }
                          >
                             
                          </div>
                        </td>
                      </tr>
                      <tr
                        className="ant-table-row ant-table-row-level-0"
                        data-row-key={91}
                        onClick={[Function]}
                        style={{}}
                      >
                        <td
                          className="ant-table-cell"
                          colSpan={null}
                          onMouseEnter={[Function]}
                          onMouseLeave={[Function]}
                          rowSpan={null}
                          style={{}}
                        >
                          <div
                            style={
                              {
                                "display": "flex",
                                "gap": 12,
                              }
                            }
                          >
                            <img
                              alt="tractor"
                              className="UserTechnique__image-styles"
                              src="https://localhost:8000/api/static/default_vehicle_image.jpg"
                            />
                            <p
                              className="UserTechnique__name-column-style"
                            >
                              D8BN8TR61
                            </p>
                          </div>
                        </td>
                        <td
                          className="ant-table-cell"
                          colSpan={null}
                          onMouseEnter={[Function]}
                          onMouseLeave={[Function]}
                          rowSpan={null}
                          style={{}}
                        >
                          fbd
                        </td>
                        <td
                          className="ant-table-cell"
                          colSpan={null}
                          onMouseEnter={[Function]}
                          onMouseLeave={[Function]}
                          rowSpan={null}
                          style={{}}
                        >
                          <p>
                            1
                          </p>
                        </td>
                        <td
                          className="ant-table-cell"
                          colSpan={null}
                          onMouseEnter={[Function]}
                          onMouseLeave={[Function]}
                          rowSpan={null}
                          style={{}}
                        >
                          <div
                            style={
                              {
                                "alignItems": "center",
                                "display": "flex",
                                "justifyContent": "right",
                              }
                            }
                          >
                            <p
                              className="UserTechnique__text_processed_area"
                            >
                              927.006
                            </p>
                            <button
                              className="ant-btn css-dev-only-do-not-override-17a39f8 ant-btn-text UserTechnique__btn_table"
                              disabled={false}
                              onClick={[Function]}
                              onMouseEnter={[Function]}
                              onMouseLeave={[Function]}
                              onPointerEnter={[Function]}
                              onPointerLeave={[Function]}
                              style={{}}
                              type="button"
                            >
                              <img
                                alt="edit"
                                className="link-icons"
                                src={
                                  {
                                    "process": [Function],
                                  }
                                }
                              />
                            </button>
                            <a
                              href="/profile-technique/91"
                              onClick={[Function]}
                              onMouseEnter={[Function]}
                              onMouseLeave={[Function]}
                              onPointerEnter={[Function]}
                              onPointerLeave={[Function]}
                            >
                              <button
                                className="ant-btn css-dev-only-do-not-override-17a39f8 ant-btn-text UserTechnique__btn_table"
                                disabled={false}
                                onClick={[Function]}
                                style={{}}
                                type="button"
                              >
                                <img
                                  alt="tractorBlue"
                                  className="UserTechnique__tractor-blue link-icons"
                                  src={
                                    {
                                      "process": [Function],
                                    }
                                  }
                                />
                              </button>
                            </a>
                            <a
                              href="/open-map/91/local-tractor/D8BN8TR61"
                              onClick={[Function]}
                              onMouseEnter={[Function]}
                              onMouseLeave={[Function]}
                              onPointerEnter={[Function]}
                              onPointerLeave={[Function]}
                            >
                              <button
                                className="ant-btn css-dev-only-do-not-override-17a39f8 ant-btn-text UserTechnique__btn_table"
                                disabled={false}
                                onClick={[Function]}
                                style={{}}
                                type="button"
                              >
                                <img
                                  alt="tractorBlue"
                                  className="UserTechnique__tractor-blue link-icons"
                                  src={
                                    {
                                      "process": [Function],
                                    }
                                  }
                                />
                              </button>
                            </a>
                            <button
                              className="ant-btn css-dev-only-do-not-override-17a39f8 ant-btn-text UserTechnique__btn_table UserTechnique__deleteBg"
                              disabled={false}
                              onClick={[Function]}
                              onMouseEnter={[Function]}
                              onMouseLeave={[Function]}
                              onPointerEnter={[Function]}
                              onPointerLeave={[Function]}
                              style={{}}
                              type="button"
                            >
                              <img
                                alt="deleteIcon"
                                className="link-icons"
                                src={
                                  {
                                    "process": [Function],
                                  }
                                }
                              />
                            </button>
                          </div>
                        </td>
                      </tr>
                    </tbody>
                  </table>
                </div>
              </div>
            </div>
          </div>
        </div>
      </div>
      <div
        className="pagination"
      >
        <div
          className="pagination__pagination_show"
        >
          <div
            className="glav_pagination"
          >
            <div
              className="next_table"
            >
              <button
                className="ant-btn css-dev-only-do-not-override-17a39f8 ant-btn-default ant-btn-icon-only pagination_buttons pagination_buttons-prev"
                disabled={true}
                onClick={[Function]}
                style={{}}
                type="button"
              >
                <span
                  className="ant-btn-icon"
                  style={{}}
                >
                  <img
                    alt="backIcons"
                    src={
                      {
                        "process": [Function],
                      }
                    }
                  />
                </span>
              </button>
              <button
                className="ant-btn css-dev-only-do-not-override-17a39f8 ant-btn-default ant-btn-icon-only pagination_buttons pagination_buttons-next"
                disabled={true}
                onClick={[Function]}
                role="button"
                style={{}}
                type="button"
              >
                <span
                  className="ant-btn-icon"
                  style={{}}
                >
                  <img
                    alt="nextIcons"
                    src={
                      {
                        "process": [Function],
                      }
                    }
                  />
                </span>
              </button>
            </div>
          </div>
        </div>
      </div>
    </div>
  </div>
  <div
    className="UserTechnique__list_table_mobile"
  >
    <div
      className="UserTechnique__table_mobile"
    >
      <div
        className="block_avatar"
      >
        <div>
          <img
            src="https://localhost:8000/api/static/default_vehicle_image.jpg"
          />
        </div>
        <div
          className="block_title"
        >
          <p>
            <b>
              Название техники
            </b>
          </p>
          <p
            className="todo"
          >
            fbd
          </p>
          <p
            className="todo"
          >
            Задачи 
            <b>
              1
            </b>
          </p>
        </div>
      </div>
      <div
        style={
          {
            "display": "flex",
            "marginTop": 10,
          }
        }
      >
        <button
          className="ant-btn css-dev-only-do-not-override-17a39f8 ant-btn-text UserTechnique__btn_table"
          disabled={false}
          onClick={[Function]}
          onMouseEnter={[Function]}
          onMouseLeave={[Function]}
          onPointerEnter={[Function]}
          onPointerLeave={[Function]}
          style={{}}
          type="button"
        >
          <img
            alt="edit"
            className="link-icons"
            src={
              {
                "process": [Function],
              }
            }
          />
        </button>
        <a
          href="/profile-technique/91"
          onClick={[Function]}
          onMouseEnter={[Function]}
          onMouseLeave={[Function]}
          onPointerEnter={[Function]}
          onPointerLeave={[Function]}
        >
          <button
            className="ant-btn css-dev-only-do-not-override-17a39f8 ant-btn-text UserTechnique__btn_table"
            disabled={false}
            onClick={[Function]}
            style={{}}
            type="button"
          >
            <img
              alt="tractorBlue"
              className="UserTechnique__tractor-blue link-icons"
              src={
                {
                  "process": [Function],
                }
              }
            />
          </button>
        </a>
        <a
          href="/open-map/91/local-tractor/D8BN8TR61"
          onClick={[Function]}
          onMouseEnter={[Function]}
          onMouseLeave={[Function]}
          onPointerEnter={[Function]}
          onPointerLeave={[Function]}
        >
          <button
            className="ant-btn css-dev-only-do-not-override-17a39f8 ant-btn-text UserTechnique__btn_table"
            disabled={false}
            onClick={[Function]}
            style={{}}
            type="button"
          >
            <img
              alt="tractorBlue"
              className="UserTechnique__tractor-blue link-icons"
              src={
                {
                  "process": [Function],
                }
              }
            />
          </button>
        </a>
        <button
          className="ant-btn css-dev-only-do-not-override-17a39f8 ant-btn-text UserTechnique__btn_table UserTechnique__deleteBg"
          disabled={false}
          onClick={[Function]}
          onMouseEnter={[Function]}
          onMouseLeave={[Function]}
          onPointerEnter={[Function]}
          onPointerLeave={[Function]}
          style={{}}
          type="button"
        >
          <img
            alt="deleteIcon"
            className="link-icons"
            src={
              {
                "process": [Function],
              }
            }
          />
        </button>
      </div>
    </div>
  </div>
</div>
`;
